# (This file is the basis of the `filesdump.txt` in which it is included, i.e. the document you are reading right now.
# The files in this manifest are the relevant files for understanding how the project hangs together.
# Files which are commented out exist but are not included in the `filesdump.txt`.)

### --- Context & Meta ---
# ⚠️ NON-NEGOTIABLE collaboration rules - READ FIRST
CRITICAL_RULES.md

# reading guide for bootstrapping a new session; either attached to the first message or passed as message body
# FIRST_PROMPT.md

LLM_INSTRUCTIONS.md
manifest.lst
tmp/project_tree.txt

# standard project documentation -- work in progress
README.md
GOALS.md
TODO.md
# HISTORY.md

# NOTE that `CRITICAL_RULES.md`, LLM_INSTRUCTIONS.md` and `FIRST_PROMPT.md` are not only standard parts of the project
# but are generated by `stencil`, see `data/templates.yaml` and `data/projects.yaml`, the latter having `stencil` as
# one of the projects.

# first Handover document, retained in the project, but no need to include in the `filesdump.txt`
# HANDOVER.md

### --- Build & Python Configuration ---
Makefile
requirements.txt
pyproject.toml
# .gitignore
# .gitattributes

### --- Actual tools to manage templates go in `scripts/` ---
scripts/render.py

### --- Tests and fixtures data ---
tests/fixtures/adjacent_independent_ifs.j2
tests/fixtures/inline_conditional.j2
tests/fixtures/leading_dash_trim.j2
tests/fixtures/split_boundary_clean.txt
tests/fixtures/split_boundary_missing.txt
tests/fixtures/split_boundary_table_no_false_match.txt
tests/fixtures/split_boundary_two_markers.txt
tests/fixtures/trailing_dash_trim.j2

tests/test_render_whitespace.py
tests/test_split_at_boundary.py

### --- DevOps tools ---
# tools/concat_files.py

### --- Template config ---
data/projects.yaml
data/templates.yaml

### --- Templates (`mode: overwrite`) ---
data/CRITICAL_RULES.md.j2
data/LLM_INSTRUCTIONS.md.j2

# not included, because it contains boundary markers which would mess up the `filesdump.txt`
# data/FIRST_PROMPT.md.j2

### --- Templates (`mode: splice`) ---
data/GOALS.md.j2
data/HISTORY.md.j2
data/TODO.md.j2
