# (This file is the basis of the `filesdump.txt` in which it is included, i.e. the document you are reading right now.
# The files in this manifest are the relevant files for understanding how the project hangs together.
# Files which are commented out exist but are not included in the `filesdump.txt`.)

### --- Context & Meta ---
# ⚠️ NON-NEGOTIABLE collaboration rules - READ FIRST
CRITICAL_RULES.md

LLM_INSTRUCTIONS.md
manifest.lst
tmp/project_tree.txt

# Handover document -- we are still in the phase of setting up the project
HANDOVER.md

# standard project documentation -- work in progress
README.md
GOALS.md
# TODO.md

### --- Build & Python Configuration ---
Makefile
requirements.txt
pyproject.toml
# .gitignore
# .gitattributes

### --- Actual tools to manage templates go in `scripts/` ---
scripts/render.py

### --- Tests and fixtures data ---
tests/fixtures/adjacent_independent_ifs.j2
tests/fixtures/inline_conditional.j2
tests/fixtures/leading_dash_trim.j2
tests/fixtures/trailing_dash_trim.j2
tests/test_render_whitespace.py

### --- DevOps tools ---
# tools/concat_files.py

### --- Template config (reconsider location) ---
data/projects.yaml
data/LLM_INSTRUCTIONS.md.j2

### --- Output location for rendered templates (reconsider location, maybe put in GitHub) ---
# tmp/scurry/LLM_INSTRUCTIONS.md
# tmp/haddolib/LLM_INSTRUCTIONS.md
# etc.